<html>
<head>
  <title></title>
  <style>
    ._tokamak-stack {
  display: grid;
}
._tokamak-hstack {
  grid-auto-flow: column;
  column-gap: var(--tokamak-stack-gap, 8px);
}
._tokamak-vstack {
  grid-auto-flow: row;
  row-gap: var(--tokamak-stack-gap, 8px);
}
._tokamak-scrollview-hideindicators {
  scrollbar-color: transparent;
  scrollbar-width: 0;
}
._tokamak-scrollview-hideindicators::-webkit-scrollbar {
  width: 0;
  height: 0;
}
._tokamak-list {
  list-style: none;
  overflow-y: auto;
  width: 100%;
  height: 100%;
  padding: 0;
}
._tokamak-disclosuregroup-label {
  cursor: pointer;
}
._tokamak-disclosuregroup-chevron-container {
  width: .25em;
  height: .25em;
  padding: 10px;
  display: inline-block;
}
._tokamak-disclosuregroup-chevron {
  width: 100%;
  height: 100%;
  transform: rotate(45deg);
  border-right: solid 2px rgba(0, 0, 0, 0.25);
  border-top: solid 2px rgba(0, 0, 0, 0.25);
}
._tokamak-disclosuregroup-content {
  display: flex;
  flex-direction: column;
  margin-left: 1em;
}
._tokamak-buttonstyle-reset {
  -webkit-appearance: none;
  -moz-appearance: none;
  appearance: none;
  background: transparent;
  border: none;
  margin: 0;
  padding: 0;
  font-size: inherit;
}
@supports (-webkit-appearance: default-button) {
  ._tokamak-button-prominence-increased {
    -webkit-appearance: default-button;
  }
}
@supports not (-webkit-appearance: default-button) {
  ._tokamak-button-prominence-increased {
    background-color: rgb(55, 120, 246);
    border: 1px solid rgb(88, 156, 248);
    border-radius: 4px;
  }
  ._tokamak-button-prominence-increased:active {
    background-color: rgb(38, 99, 226);
  }

  @media (prefers-color-scheme:dark) {
    ._tokamak-button-prominence-increased {
      background-color: rgb(56, 116, 225);
    }
    ._tokamak-button-prominence-increased:active {
      background-color: rgb(56, 134, 247);
    }
  }
}

._tokamak-text-redacted {
  position: relative;
}
._tokamak-text-redacted::after {
  content: " ";
  background-color: rgb(200, 200, 200);
  position: absolute;
  left: 0;
  width: calc(100% + .1em);
  height: 1.2em;
  border-radius: .1em;
}
._tokamak-geometryreader {
  width: 100%;
  height: 100%;
  display: flex;
  align-items: center;
  justify-content: center;
}
._tokamak-navigationview {
  display: flex;
  flex-direction: row;
  align-items: stretch;
  width: 100%;
  height: 100%;
}
._tokamak-navigationview-content {
  display: flex; flex-direction: column;
  align-items: center; justify-content: center;
  flex-grow: 1;
  height: 100%;
}

._tokamak-formcontrol {
  color-scheme: light dark;
}

._tokamak-link {
  text-decoration: none;
}

._tokamak-texteditor {
  width: 100%;
  height: 100%;
}

._tokamak-aspect-ratio-fill > img {
  object-fit: fill;
}

._tokamak-aspect-ratio-fit > img {
  object-fit: contain;
}

@media (prefers-color-scheme:dark) {
  ._tokamak-text-redacted::after {
    background-color: rgb(100, 100, 100);
  }

  ._tokamak-disclosuregroup-chevron {
    border-right-color: rgba(255, 255, 255, 0.25);
    border-top-color: rgba(255, 255, 255, 0.25);
  }
}
  </style>
</head>
<body style="margin: 0;display: flex;
width: 100%;
height: 100%;
justify-content: center;
align-items: center;
overflow: hidden;"><div class="_tokamak-stack _tokamak-vstack" style="justify-items: center;
height: 100%;

"><svg style="width: 100%;
height: 100%;
overflow: visible; fill: rgba(255.0, 58.650000000000006, 48.45, 1.0);"><rect height="100%" stroke-width="0.0" width="100%" x="0.0" y="0.0"></rect>
<defs></defs></svg>
<div style="flex-grow: 1; "></div></div></body>
</html>