<html>
<head>
  <title></title>
  <style>
    ._tokamak-stack > * {
  flex-shrink: 0;
}
._tokamak-scrollview-hideindicators {
  scrollbar-color: transparent;
  scrollbar-width: 0;
}
._tokamak-scrollview-hideindicators::-webkit-scrollbar {
  width: 0;
  height: 0;
}
._tokamak-list {
  list-style: none;
  overflow-y: auto;
  width: 100%;
  height: 100%;
  padding: 0;
}
._tokamak-disclosuregroup-label {
  cursor: pointer;
}
._tokamak-disclosuregroup-chevron-container {
  width: .25em;
  height: .25em;
  padding: 10px;
  display: inline-block;
}
._tokamak-disclosuregroup-chevron {
  width: 100%;
  height: 100%;
  transform: rotate(45deg);
  border-right: solid 2px rgba(0, 0, 0, 0.25);
  border-top: solid 2px rgba(0, 0, 0, 0.25);
}
._tokamak-disclosuregroup-content {
  display: flex;
  flex-direction: column;
  margin-left: 1em;
}
._tokamak-buttonstyle-reset {
  -webkit-appearance: none;
  -moz-appearance: none;
  appearance: none;
  background: transparent;
  border: none;
  margin: 0;
  padding: 0;
  font-size: inherit;
}

._tokamak-text-redacted {
  position: relative;
}
._tokamak-text-redacted::after {
  content: " ";
  background-color: rgb(200, 200, 200);
  position: absolute;
  left: 0;
  width: calc(100% + .1em);
  height: 1.2em;
  border-radius: .1em;
}
._tokamak-geometryreader {
  width: 100%;
  height: 100%;
  display: flex;
  align-items: center;
  justify-content: center;
}
._tokamak-navigationview {
  display: flex;
  flex-direction: row;
  align-items: stretch;
  width: 100%;
  height: 100%;
}
._tokamak-navigationview-content {
  display: flex; flex-direction: column;
  align-items: center; justify-content: center;
  flex-grow: 1;
  height: 100%;
}

._tokamak-formcontrol {
  color-scheme: light dark;
}

._tokamak-link {
  text-decoration: none;
}

._tokamak-texteditor {
  width: 100%;
  height: 100%;
}

@media (prefers-color-scheme:dark) {
  ._tokamak-text-redacted::after {
    background-color: rgb(100, 100, 100);
  }

  ._tokamak-disclosuregroup-chevron {
    border-right-color: rgba(255, 255, 255, 0.25);
    border-top-color: rgba(255, 255, 255, 0.25);
  }
}
  </style>
</head>
<body style="margin: 0;display: flex;
width: 100%;
height: 100%;
justify-content: center;
align-items: center;
overflow: hidden;"><div style="padding-top: 60.0px; padding-left: 60.0px; padding-bottom: 60.0px; padding-right: 60.0px;"><span class="" style="
font-family: system,
-apple-system,
'.SFNSText-Regular',
'San Francisco',
'Roboto',
'Segoe UI',
'Helvetica Neue',
'Lucida Grande',
sans-serif;
color: rgba(0.0, 0.0, 0.0, 1.0);
font-style: normal;
font-weight: 400;
letter-spacing: normal;
vertical-align: baseline;
text-decoration: none;
text-decoration-color: inherit;
text-align: left;">text</span></div></body>
</html>